
Allocating common symbols
Common symbol       size              file

netbufpool          0x4               binaries/net.o
readylist           0x2               binaries/ready.o
rfltab              0x5a0             binaries/rflinit.o
lk3                 0x10              binaries/main.o
netportseed         0x8               binaries/net.o
sleepq              0x2               binaries/clkinit.o
nnames              0x4               binaries/naminit.o
udptab              0x168             binaries/udp.o
minheap             0x4               binaries/meminit.o
marks               0x50              binaries/mark.o
currpid             0x4               binaries/initialize.o
Lf_data             0x20c             binaries/lfsinit.o
lk2                 0x10              binaries/main.o
porttab             0x2d0             binaries/ptinit.o
finish              0x64              binaries/initialize.o
allocation          0x2710            binaries/initialize.o
girmask             0x2               binaries/evec.o
ttytab              0x110             binaries/ttyinit.o
proctab             0x15e0            binaries/initialize.o
lk1                 0x10              binaries/main.o
prcount             0x4               binaries/initialize.o
lfltab              0xf00             binaries/lflinit.o
available           0x64              binaries/initialize.o
rdstab              0x8c              binaries/rdsinit.o
ethertab            0x130             binaries/ethinit.o
NetData             0xb0              binaries/net.o
nmarks              0x4               binaries/mark.o
initsp              0x4               binaries/i386.o
Defer               0x8               binaries/resched.o
semtab              0x4b0             binaries/initialize.o
request             0x2710            binaries/initialize.o
maxheap             0x4               binaries/meminit.o
preempt             0x4               binaries/clkinit.o
buftab              0xf0              binaries/bufinit.o
Rf_data             0x18              binaries/rfsinit.o
mkmutex             0x4               binaries/mark.o
ctr1000             0x4               binaries/clkinit.o
lock_counter        0x1               binaries/initialize.o
clktime             0x4               binaries/clkinit.o
arpcache            0x140             binaries/arp.o
icmptab             0x230             binaries/icmp.o
nbpools             0x4               binaries/bufinit.o
queuetab            0xfc0             binaries/queue.o
ptnextid            0x4               binaries/ptinit.o
Ram                 0x19000           binaries/raminit.o
ipoqueue            0x2c              binaries/ip.o
memlist             0x8               binaries/initialize.o
nametab             0x19a0            binaries/naminit.o
ptfree              0x4               binaries/ptinit.o
work                0x64              binaries/initialize.o

Memory Configuration

Name             Origin             Length             Attributes
*default*        0x0000000000000000 0xffffffffffffffff

Linker script and memory map

                0x0000000000100000                physbase = 0x100000
                0x0000000000100000                . = physbase
                0x0000000000100000                . = ALIGN (0x1000)

.text           0x0000000000100000    0x1b000
                0x0000000000100000                text = ABSOLUTE (.)
 *(.text .text.*)
 .text          0x0000000000100000      0x165 binaries/start.o
                0x0000000000100020                entry
                0x000000000010003d                start
                0x00000000001000a5                inb
                0x00000000001000ad                inw
                0x00000000001000b6                inl
                0x00000000001000be                outb
                0x00000000001000c8                outw
                0x00000000001000d3                outl
                0x00000000001000dd                _rtcin
                0x00000000001000e8                ___udivsi3
                0x00000000001000f3                ___divsi3
                0x00000000001000ff                sbzero
                0x000000000010010f                bcopy
                0x0000000000100123                insw
                0x0000000000100139                outsw
                0x000000000010014f                lidt
                0x0000000000100157                jumptocode
                0x000000000010015e                jumptobootcode
 .text          0x0000000000100165      0x414 binaries/active_lock.o
                0x0000000000100165                deadlock_detector
                0x0000000000100317                al_init
                0x0000000000100358                al_lock
                0x000000000010046c                al_unlock
                0x0000000000100552                al_trylock
 .text          0x0000000000100579      0x3e3 binaries/ascdate.o
                0x0000000000100579                ascdate
 .text          0x000000000010095c       0x14 binaries/bufinit.o
                0x000000000010095c                bufinit
 .text          0x0000000000100970       0x94 binaries/chprio.o
                0x0000000000100970                chprio
 .text          0x0000000000100a04       0xa9 binaries/clkhandler.o
                0x0000000000100a04                clkhandler
 .text          0x0000000000100aad       0x88 binaries/clkinit.o
                0x0000000000100aad                clkinit
 .text          0x0000000000100b35       0x75 binaries/close.o
                0x0000000000100b35                close
 .text          0x0000000000100baa        0x0 binaries/conf.o
 .text          0x0000000000100baa       0x7b binaries/control.o
                0x0000000000100baa                control
 .text          0x0000000000100c25      0x2c0 binaries/create.o
                0x0000000000100c25                create
 .text          0x0000000000100ee5      0x359 binaries/evec.o
                0x0000000000100ee5                initevec
                0x0000000000100f3c                set_evec
                0x0000000000100fde                trap
 .text          0x000000000010123e       0x19 binaries/exit.o
                0x000000000010123e                exit
 .text          0x0000000000101257       0x8c binaries/freebuf.o
                0x0000000000101257                freebuf
 .text          0x00000000001012e3      0x172 binaries/freemem.o
                0x00000000001012e3                freemem
 .text          0x0000000000101455       0x8a binaries/getbuf.o
                0x0000000000101455                getbuf
 .text          0x00000000001014df       0x75 binaries/getc.o
                0x00000000001014df                getc
 .text          0x0000000000101554       0x74 binaries/getdev.o
                0x0000000000101554                getdev
 .text          0x00000000001015c8       0xd0 binaries/getitem.o
                0x00000000001015c8                getfirst
                0x000000000010160d                getlast
                0x0000000000101654                getitem
 .text          0x0000000000101698      0x10a binaries/getmem.o
                0x0000000000101698                getmem
 .text          0x00000000001017a2        0xa binaries/getpid.o
                0x00000000001017a2                getpid
 .text          0x00000000001017ac       0x7d binaries/getprio.o
                0x00000000001017ac                getprio
 .text          0x0000000000101829       0xfb binaries/getstk.o
                0x0000000000101829                getstk
 .text          0x0000000000101924       0x16 binaries/getticks.o
                0x0000000000101924                getticks
 .text          0x000000000010193a       0x3a binaries/gettime.o
                0x000000000010193a                gettime
 .text          0x0000000000101974      0x1e4 binaries/getutime.o
                0x0000000000101974                getutime
 .text          0x0000000000101b58      0x3c5 binaries/i386.o
                0x0000000000101b58                setsegs
                0x0000000000101c6a                init8259
                0x0000000000101d1c                pseg
                0x0000000000101ec4                setirmask
 .text          0x0000000000101f1d       0x75 binaries/init.o
                0x0000000000101f1d                init
 .text          0x0000000000101f92      0x47e binaries/initialize.o
                0x0000000000101f92                nulluser
                0x00000000001023b7                stop
                0x00000000001023e2                delay
 .text          0x0000000000102410       0xde binaries/insert.o
                0x0000000000102410                insert
 .text          0x00000000001024ee      0x110 binaries/insertd.o
                0x00000000001024ee                insertd
 .text          0x00000000001025fe        0xa binaries/ioerr.o
                0x00000000001025fe                ioerr
 .text          0x0000000000102608        0xa binaries/ionull.o
                0x0000000000102608                ionull
 .text          0x0000000000102612      0x19d binaries/kill.o
                0x0000000000102612                kill
 .text          0x00000000001027af      0x14e binaries/kprintf.o
                0x00000000001027af                kputc
                0x0000000000102842                kgetc
                0x00000000001028d3                kprintf
 .text          0x00000000001028fd      0x15e binaries/lock.o
                0x00000000001028fd                init_lock
                0x0000000000102924                lock
                0x00000000001029ab                unlock
 .text          0x0000000000102a5b      0x331 binaries/main.o
                0x0000000000102a5b                userfunc1
                0x0000000000102b1e                userfunc2
                0x0000000000102be1                userfunc3
                0x0000000000102ca4                main
 .text          0x0000000000102d8c       0xb5 binaries/mark.o
                0x0000000000102d8c                markinit
                0x0000000000102db0                mark
 .text          0x0000000000102e41       0xcc binaries/meminit.o
                0x0000000000102e41                meminit
 .text          0x0000000000102f0d      0x174 binaries/mkbufpool.o
                0x0000000000102f0d                mkbufpool
 .text          0x0000000000103081       0x94 binaries/newqueue.o
                0x0000000000103081                newqueue
 .text          0x0000000000103115       0x7b binaries/open.o
                0x0000000000103115                open
 .text          0x0000000000103190       0x20 binaries/panic.o
                0x0000000000103190                panic
 .text          0x00000000001031b0      0x489 binaries/pci.o
                0x00000000001031b0                pci_init
                0x000000000010346d                find_pci_device
                0x00000000001034bb                pci_bios_read_config_byte
                0x00000000001034fa                pci_bios_read_config_word
                0x000000000010353c                pci_bios_read_config_dword
                0x000000000010357b                pci_bios_write_config_byte
                0x00000000001035bc                pci_bios_write_config_word
                0x00000000001035fe                pci_bios_write_config_dword
 .text          0x0000000000103639       0xf1 binaries/ptclear.o
                0x0000000000103639                _ptclear
 .text          0x000000000010372a       0x9d binaries/ptcount.o
                0x000000000010372a                ptcount
 .text          0x00000000001037c7      0x116 binaries/ptcreate.o
                0x00000000001037c7                ptcreate
 .text          0x00000000001038dd       0x7f binaries/ptdelete.o
                0x00000000001038dd                ptdelete
 .text          0x000000000010395c       0xbf binaries/ptinit.o
                0x000000000010395c                ptinit
 .text          0x0000000000103a1b      0x11b binaries/ptrecv.o
                0x0000000000103a1b                ptrecv
 .text          0x0000000000103b36       0x77 binaries/ptreset.o
                0x0000000000103b36                ptreset
 .text          0x0000000000103bad      0x13d binaries/ptsend.o
                0x0000000000103bad                ptsend
 .text          0x0000000000103cea       0x80 binaries/putc.o
                0x0000000000103cea                putc
 .text          0x0000000000103d6a      0x111 binaries/queue.o
                0x0000000000103d6a                enqueue
                0x0000000000103e0e                dequeue
 .text          0x0000000000103e7b       0x7b binaries/read.o
                0x0000000000103e7b                read
 .text          0x0000000000103ef6       0x7e binaries/ready.o
                0x0000000000103ef6                ready
 .text          0x0000000000103f74       0x62 binaries/receive.o
                0x0000000000103f74                receive
 .text          0x0000000000103fd6       0x5e binaries/recvclr.o
                0x0000000000103fd6                recvclr
 .text          0x0000000000104034       0xbd binaries/recvtime.o
                0x0000000000104034                recvtime
 .text          0x00000000001040f1      0x16c binaries/resched.o
                0x00000000001040f1                resched
                0x00000000001041e8                resched_cntl
 .text          0x000000000010425d       0xb1 binaries/resume.o
                0x000000000010425d                resume
 .text          0x000000000010430e       0x79 binaries/seek.o
                0x000000000010430e                seek
 .text          0x0000000000104387       0x70 binaries/semcount.o
                0x0000000000104387                semcount
 .text          0x00000000001043f7       0xd6 binaries/semcreate.o
                0x00000000001043f7                semcreate
 .text          0x00000000001044cd       0xcd binaries/semdelete.o
                0x00000000001044cd                semdelete
 .text          0x000000000010459a       0xcb binaries/semreset.o
                0x000000000010459a                semreset
 .text          0x0000000000104665       0xed binaries/send.o
                0x0000000000104665                send
 .text          0x0000000000104752       0xa8 binaries/signal.o
                0x0000000000104752                signal
 .text          0x00000000001047fa       0xd6 binaries/signaln.o
                0x00000000001047fa                signaln
 .text          0x00000000001048d0       0xed binaries/sleep.o
                0x00000000001048d0                sleep
                0x000000000010491e                sleepms
 .text          0x00000000001049bd       0x3a binaries/spinlock.o
                0x00000000001049bd                sl_init
                0x00000000001049cb                sl_lock
                0x00000000001049e9                sl_unlock
 .text          0x00000000001049f7      0x192 binaries/stacktrace.o
                0x00000000001049f7                stacktrace
 .text          0x0000000000104b89       0xe7 binaries/suspend.o
                0x0000000000104b89                suspend
 .text          0x0000000000104c70       0xe9 binaries/unsleep.o
                0x0000000000104c70                unsleep
 .text          0x0000000000104d59       0x19 binaries/userret.o
                0x0000000000104d59                userret
 .text          0x0000000000104d72       0xdd binaries/wait.o
                0x0000000000104d72                wait
 .text          0x0000000000104e4f       0x72 binaries/wakeup.o
                0x0000000000104e4f                wakeup
 .text          0x0000000000104ec1       0x7b binaries/write.o
                0x0000000000104ec1                write
 .text          0x0000000000104f3c       0x1d binaries/xdone.o
                0x0000000000104f3c                xdone
 .text          0x0000000000104f59       0x28 binaries/yield.o
                0x0000000000104f59                yield
 .text          0x0000000000104f81       0x11 binaries/abs.o
                0x0000000000104f81                abs
 .text          0x0000000000104f92       0x8f binaries/atoi.o
                0x0000000000104f92                atoi
 .text          0x0000000000105021       0x8f binaries/atol.o
                0x0000000000105021                atol
 .text          0x00000000001050b0       0x31 binaries/bzero.o
                0x00000000001050b0                bzero
 .text          0x00000000001050e1        0x0 binaries/ctype_.o
 .text          0x00000000001050e1      0x8ed binaries/doprnt.o
                0x00000000001050e1                _doprnt
 .text          0x00000000001059ce      0x65c binaries/doscan.o
                0x00000000001059ce                _doscan
 .text          0x000000000010602a      0x711 binaries/fdoprnt.o
                0x000000000010602a                _fdoprnt
 .text          0x000000000010673b       0x29 binaries/fgetc.o
                0x000000000010673b                fgetc
 .text          0x0000000000106764       0x75 binaries/fgets.o
                0x0000000000106764                fgets
 .text          0x00000000001067d9       0x2a binaries/fprintf.o
                0x00000000001067d9                fprintf
 .text          0x0000000000106803       0x2c binaries/fputc.o
                0x0000000000106803                fputc
 .text          0x000000000010682f       0x43 binaries/fputs.o
                0x000000000010682f                fputs
 .text          0x0000000000106872       0x8a binaries/fscanf.o
                0x0000000000106872                fscanf
 .text          0x00000000001068fc       0x32 binaries/getchar.o
                0x00000000001068fc                getchar
 .text          0x000000000010692e       0x11 binaries/labs.o
                0x000000000010692e                labs
 .text          0x000000000010693f        0x0 binaries/memchr.o
 .text          0x000000000010693f       0x51 binaries/memcmp.o
                0x000000000010693f                memcmp
 .text          0x0000000000106990       0x3f binaries/memcpy.o
                0x0000000000106990                memcpy
 .text          0x00000000001069cf       0x30 binaries/memset.o
                0x00000000001069cf                memset
 .text          0x00000000001069ff       0x48 binaries/printf.o
                0x00000000001069ff                printf
 .text          0x0000000000106a47       0x35 binaries/putchar.o
                0x0000000000106a47                putchar
 .text          0x0000000000106a7c      0x27e binaries/qsort.o
                0x0000000000106a7c                qsort
 .text          0x0000000000106cfa       0x63 binaries/rand.o
                0x0000000000106cfa                rand
                0x0000000000106d12                rand_r
                0x0000000000106d50                srand
 .text          0x0000000000106d5d       0x66 binaries/sprintf.o
                0x0000000000106d5d                sprintf
 .text          0x0000000000106dc3       0x70 binaries/sscanf.o
                0x0000000000106dc3                sscanf
 .text          0x0000000000106e33       0x3c binaries/strchr.o
                0x0000000000106e33                strchr
 .text          0x0000000000106e6f       0x45 binaries/strcmp.o
                0x0000000000106e6f                strcmp
 .text          0x0000000000106eb4       0x27 binaries/strcpy.o
                0x0000000000106eb4                strcpy
 .text          0x0000000000106edb       0x26 binaries/strlen.o
                0x0000000000106edb                strlen
 .text          0x0000000000106f01       0x56 binaries/strncat.o
                0x0000000000106f01                strncat
 .text          0x0000000000106f57       0x5f binaries/strncmp.o
                0x0000000000106f57                strncmp
 .text          0x0000000000106fb6       0x4f binaries/strncpy.o
                0x0000000000106fb6                strncpy
 .text          0x0000000000107005       0x2e binaries/strnlen.o
                0x0000000000107005                strnlen
 .text          0x0000000000107033       0x45 binaries/strrchr.o
                0x0000000000107033                strrchr
 .text          0x0000000000107078       0x6d binaries/strstr.o
                0x0000000000107078                strstr
 .text          0x00000000001070e5       0xe4 binaries/ttycontrol.o
                0x00000000001070e5                ttycontrol
 .text          0x00000000001071c9       0x97 binaries/ttygetc.o
                0x00000000001071c9                ttygetc
 .text          0x0000000000107260      0x6ee binaries/ttyhandle_in.o
                0x0000000000107260                ttyhandle_in
 .text          0x000000000010794e      0x1ae binaries/ttyhandle_out.o
                0x000000000010794e                ttyhandle_out
 .text          0x0000000000107afc       0xce binaries/ttyhandler.o
                0x0000000000107afc                ttyhandler
 .text          0x0000000000107bca      0x22f binaries/ttyinit.o
                0x0000000000107bca                ttyinit
 .text          0x0000000000107df9       0x1b binaries/ttykickout.o
                0x0000000000107df9                ttykickout
 .text          0x0000000000107e14       0xb7 binaries/ttyputc.o
                0x0000000000107e14                ttyputc
 .text          0x0000000000107ecb      0x11b binaries/ttyread.o
                0x0000000000107ecb                ttyread
 .text          0x0000000000107fe6       0x4f binaries/ttywrite.o
                0x0000000000107fe6                ttywrite
 .text          0x0000000000108035      0x14b binaries/mount.o
                0x0000000000108035                mount
                0x000000000010814a                namlen
 .text          0x0000000000108180      0x1ea binaries/naminit.o
                0x0000000000108180                naminit
 .text          0x000000000010836a      0x211 binaries/nammap.o
                0x000000000010836a                nammap
                0x00000000001083f5                namrepl
                0x000000000010852b                namcpy
 .text          0x000000000010857b       0x4e binaries/namopen.o
                0x000000000010857b                namopen
 .text          0x00000000001085c9      0xec3 binaries/82545EMInit.o
                0x0000000000108627                _82545EMInit
                0x00000000001092f8                _82545EM_read_phy_reg
                0x00000000001093be                _82545EM_write_phy_reg
 .text          0x000000000010948c      0x241 binaries/ethcontrol.o
                0x00000000001094ea                ethcontrol
                0x0000000000109660                ethIrqDisable
                0x0000000000109695                ethIrqEnable
 .text          0x00000000001096cd      0x252 binaries/ethhandler.o
                0x000000000010983d                ethhandler
 .text          0x000000000010991f      0x126 binaries/ethinit.o
                0x000000000010991f                ethinit
 .text          0x0000000000109a45      0x1f4 binaries/ethread.o
                0x0000000000109aa3                ethread
 .text          0x0000000000109c39      0x19f binaries/ethwrite.o
                0x0000000000109c97                ethwrite
 .text          0x0000000000109dd8       0x9e binaries/rdsbufalloc.o
                0x0000000000109dd8                rdsbufalloc
 .text          0x0000000000109e76       0xcc binaries/rdsclose.o
                0x0000000000109e76                rdsclose
 .text          0x0000000000109f42      0x2e8 binaries/rdscomm.o
                0x0000000000109f42                rdscomm
 .text          0x000000000010a22a      0x233 binaries/rdscontrol.o
                0x000000000010a22a                rdscontrol
 .text          0x000000000010a45d      0x1f3 binaries/rdsinit.o
                0x000000000010a45d                rdsinit
 .text          0x000000000010a650      0x19b binaries/rdsopen.o
                0x000000000010a650                rdsopen
 .text          0x000000000010a7eb      0x461 binaries/rdsprocess.o
                0x000000000010a7eb                rdsprocess
 .text          0x000000000010ac4c      0x259 binaries/rdsread.o
                0x000000000010ac4c                rdsread
 .text          0x000000000010aea5      0x1fe binaries/rdswrite.o
                0x000000000010aea5                rdswrite
 .text          0x000000000010b0a3        0xa binaries/ramclose.o
                0x000000000010b0a3                ramclose
 .text          0x000000000010b0ad       0x3e binaries/raminit.o
                0x000000000010b0ad                raminit
 .text          0x000000000010b0eb        0xa binaries/ramopen.o
                0x000000000010b0eb                ramopen
 .text          0x000000000010b0f5       0x32 binaries/ramread.o
                0x000000000010b0f5                ramread
 .text          0x000000000010b127       0x32 binaries/ramwrite.o
                0x000000000010b127                ramwrite
 .text          0x000000000010b159       0x98 binaries/lfdballoc.o
                0x000000000010b159                lfdballoc
 .text          0x000000000010b1f1       0x58 binaries/lfdbfree.o
                0x000000000010b1f1                lfdbfree
 .text          0x000000000010b249       0xb6 binaries/lfflush.o
                0x000000000010b249                lfflush
 .text          0x000000000010b2ff       0xd8 binaries/lfgetmode.o
                0x000000000010b2ff                lfgetmode
 .text          0x000000000010b3d7       0x68 binaries/lfiballoc.o
                0x000000000010b3d7                lfiballoc
 .text          0x000000000010b43f       0x3b binaries/lfibclear.o
                0x000000000010b43f                lfibclear
 .text          0x000000000010b47a       0xad binaries/lfibget.o
                0x000000000010b47a                lfibget
 .text          0x000000000010b527       0xdc binaries/lfibput.o
                0x000000000010b527                lfibput
 .text          0x000000000010b603       0xa2 binaries/lflclose.o
                0x000000000010b603                lflclose
 .text          0x000000000010b6a5       0xd0 binaries/lflcontrol.o
                0x000000000010b6a5                lflcontrol
 .text          0x000000000010b775       0xf2 binaries/lflgetc.o
                0x000000000010b775                lflgetc
 .text          0x000000000010b867       0xf1 binaries/lflinit.o
                0x000000000010b867                lflinit
 .text          0x000000000010b958      0x122 binaries/lflputc.o
                0x000000000010b958                lflputc
 .text          0x000000000010ba7a       0x70 binaries/lflread.o
                0x000000000010ba7a                lflread
 .text          0x000000000010baea       0xac binaries/lflseek.o
                0x000000000010baea                lflseek
 .text          0x000000000010bb96       0x55 binaries/lflwrite.o
                0x000000000010bb96                lflwrite
 .text          0x000000000010bbeb       0x62 binaries/lfscheck.o
                0x000000000010bbeb                lfscheck
 .text          0x000000000010bc4d      0x175 binaries/lfsckfmt.o
                0x000000000010bc4d                lfsckfmt
 .text          0x000000000010bdc2      0x1ad binaries/lfscreate.o
                0x000000000010bdc2                lfscreate
 .text          0x000000000010bf6f      0x278 binaries/lfsetup.o
                0x000000000010bf6f                lfsetup
 .text          0x000000000010c1e7       0x51 binaries/lfsinit.o
                0x000000000010c1e7                lfsinit
 .text          0x000000000010c238      0x3c0 binaries/lfsopen.o
                0x000000000010c238                lfsopen
 .text          0x000000000010c5f8      0x15e binaries/lftruncate.o
                0x000000000010c5f8                lftruncate
 .text          0x000000000010c756       0x71 binaries/rflclose.o
                0x000000000010c756                rflclose
 .text          0x000000000010c7c7       0x32 binaries/rflgetc.o
                0x000000000010c7c7                rflgetc
 .text          0x000000000010c7f9       0x76 binaries/rflinit.o
                0x000000000010c7f9                rflinit
 .text          0x000000000010c86f       0x33 binaries/rflputc.o
                0x000000000010c86f                rflputc
 .text          0x000000000010c8a2      0x360 binaries/rflread.o
                0x000000000010c8a2                rflread
 .text          0x000000000010cc02       0x74 binaries/rflseek.o
                0x000000000010cc02                rflseek
 .text          0x000000000010cc76      0x34d binaries/rflwrite.o
                0x000000000010cc76                rflwrite
 .text          0x000000000010cfc3      0x1e2 binaries/rfscomm.o
                0x000000000010cfc3                rfscomm
 .text          0x000000000010d1a5      0x26d binaries/rfscontrol.o
                0x000000000010d1a5                rfscontrol
 .text          0x000000000010d412       0xd8 binaries/rfsgetmode.o
                0x000000000010d412                rfsgetmode
 .text          0x000000000010d4ea       0x86 binaries/rfsinit.o
                0x000000000010d4ea                rfsinit
 .text          0x000000000010d570      0x111 binaries/rfsndmsg.o
                0x000000000010d570                rfsndmsg
 .text          0x000000000010d681      0x2aa binaries/rfsopen.o
                0x000000000010d681                rfsopen
 .text          0x000000000010d92b      0x836 binaries/arp.o
                0x000000000010d92b                arp_init
                0x000000000010d95d                arp_resolve
                0x000000000010dc11                arp_in
                0x000000000010dec9                arp_alloc
                0x000000000010df89                arp_ntoh
                0x000000000010e075                arp_hton
 .text          0x000000000010e161      0x8e3 binaries/dhcp.o
                0x000000000010e161                dhcp_get_opt_val
                0x000000000010e1ba                dhcp_bld_bootp_msg
                0x000000000010e2c7                dhcp_bld_disc
                0x000000000010e3b0                dhcp_bld_req
                0x000000000010e522                getlocalip
 .text          0x000000000010ea44      0x59f binaries/dns.o
                0x000000000010ea44                dnslookup
 .text          0x000000000010efe3       0xe8 binaries/dot2ip.o
                0x000000000010efe3                dot2ip
 .text          0x000000000010f0cb      0x4c4 binaries/hexdump.o
                0x000000000010f0cb                hexdump
                0x000000000010f272                hexadump
 .text          0x000000000010f58f      0x8af binaries/icmp.o
                0x000000000010f58f                icmp_init
                0x000000000010f5c6                icmp_in
                0x000000000010f79c                icmp_register
                0x000000000010f897                icmp_recv
                0x000000000010fa23                icmp_send
                0x000000000010faab                icmp_mkpkt
                0x000000000010fbc5                icmp_release
                0x000000000010fcc3                icmp_cksum
                0x000000000010fd56                icmp_hton
                0x000000000010fdca                icmp_ntoh
 .text          0x000000000010fe3e      0x8a5 binaries/ip.o
                0x000000000010fe3e                ip_in
                0x000000000010ffc2                ip_send
                0x000000000011011d                ip_local
                0x0000000000110169                ip_out
                0x00000000001102a2                ipcksum
                0x0000000000110328                ip_ntoh
                0x0000000000110414                ip_hton
                0x0000000000110500                ipout
                0x000000000011062f                ip_enqueue
 .text          0x00000000001106e3      0x2cd binaries/net.o
                0x00000000001106e3                net_init
                0x000000000011080b                netin
                0x00000000001108c8                eth_hton
                0x00000000001108f2                eth_ntoh
                0x000000000011091c                getport
 .text          0x00000000001109b0     0x147f binaries/pdump.o
                0x00000000001109b0                pdump
                0x000000000011176d                pdumph
 .text          0x0000000000111e2f      0x613 binaries/tftp.o
                0x0000000000111e2f                tftp_send1
                0x0000000000111fa7                tftpget
                0x0000000000111fd9                tftpget_mb
 .text          0x0000000000112442      0xb82 binaries/udp.o
                0x0000000000112442                udp_init
                0x0000000000112477                udp_in
                0x00000000001125b9                udp_register
                0x00000000001126f6                udp_recv
                0x0000000000112892                udp_recvaddr
                0x0000000000112a46                udp_send
                0x0000000000112c2e                udp_sendto
                0x0000000000112ddf                udp_release
                0x0000000000112eda                udp_ntoh
                0x0000000000112f4f                udp_hton
 .text          0x0000000000112fc4      0x13b binaries/addargs.o
                0x0000000000112fc4                addargs
 .text          0x00000000001130ff      0x2c9 binaries/lexan.o
                0x00000000001130ff                lexan
 .text          0x00000000001133c8      0x667 binaries/shell.o
                0x00000000001133c8                shell
 .text          0x0000000000113a2f       0x69 binaries/xsh_argecho.o
                0x0000000000113a2f                xsh_argecho
 .text          0x0000000000113a98      0x275 binaries/xsh_arp.o
                0x0000000000113a98                xsh_arp
 .text          0x0000000000113d0d      0x275 binaries/xsh_cat.o
                0x0000000000113d0d                xsh_cat
 .text          0x0000000000113f82       0x5f binaries/xsh_clear.o
                0x0000000000113f82                xsh_clear
 .text          0x0000000000113fe1      0x2ff binaries/xsh_date.o
                0x0000000000113fe1                xsh_date
 .text          0x00000000001142e0       0xaf binaries/xsh_devdump.o
                0x00000000001142e0                xsh_devdump
 .text          0x000000000011438f       0x72 binaries/xsh_echo.o
                0x000000000011438f                xsh_echo
 .text          0x0000000000114401        0xa binaries/xsh_exit.o
                0x0000000000114401                xsh_exit
 .text          0x000000000011440b      0x38b binaries/xsh_help.o
                0x000000000011440b                xsh_help
 .text          0x0000000000114796      0x24e binaries/xsh_kill.o
                0x0000000000114796                xsh_kill
 .text          0x00000000001149e4      0x54b binaries/xsh_memdump.o
                0x00000000001149e4                xsh_memdump
 .text          0x0000000000114f2f      0x2b1 binaries/xsh_memstat.o
                0x0000000000114f2f                xsh_memstat
 .text          0x00000000001151e0      0x511 binaries/xsh_netinfo.o
                0x00000000001151e0                xsh_netinfo
 .text          0x00000000001156f1      0x498 binaries/xsh_ping.o
                0x00000000001156f1                xsh_ping
 .text          0x0000000000115b89      0x229 binaries/xsh_ps.o
                0x0000000000115b89                xsh_ps
 .text          0x0000000000115db2      0x22a binaries/xsh_sleep.o
                0x0000000000115db2                xsh_sleep
 .text          0x0000000000115fdc      0x27c binaries/xsh_udpdump.o
                0x0000000000115fdc                xsh_udpdump
 .text          0x0000000000116258      0x4cc binaries/xsh_udpecho.o
                0x0000000000116258                xsh_udpecho
 .text          0x0000000000116724      0x2b6 binaries/xsh_udpserver.o
                0x0000000000116724                xsh_udpeserver
 .text          0x00000000001169da      0x1f5 binaries/xsh_uptime.o
                0x00000000001169da                xsh_uptime
 .text          0x0000000000116bcf        0xe binaries/clkdisp.o
                0x0000000000116bcf                clkdisp
 .text          0x0000000000116bdd       0x19 binaries/ctxsw.o
                0x0000000000116bdd                ctxsw
 .text          0x0000000000116bf6      0x36b binaries/intr.o
                0x0000000000116bf6                disable
                0x0000000000116bff                restore
                0x0000000000116c0d                enable
                0x0000000000116c0f                pause
                0x0000000000116c16                halt
                0x0000000000116c1c                spurious_irq7
                0x0000000000116c21                spurious_irq15
                0x0000000000116c30                _Xint0
                0x0000000000116c3b                _Xint1
                0x0000000000116c46                _Xint2
                0x0000000000116c51                _Xint3
                0x0000000000116c5c                _Xint4
                0x0000000000116c67                _Xint5
                0x0000000000116c72                _Xint6
                0x0000000000116c7d                _Xint7
                0x0000000000116c88                _Xint8
                0x0000000000116c93                _Xint9
                0x0000000000116c9e                _Xint10
                0x0000000000116ca9                _Xint11
                0x0000000000116cb7                _Xint12
                0x0000000000116cc5                _Xint13
                0x0000000000116cd3                _Xint14
                0x0000000000116ce1                _Xint15
                0x0000000000116cef                _Xint16
                0x0000000000116cfd                _Xint17
                0x0000000000116d0b                _Xint18
                0x0000000000116d19                _Xint19
                0x0000000000116d27                _Xint20
                0x0000000000116d35                _Xint21
                0x0000000000116d43                _Xint22
                0x0000000000116d51                _Xint23
                0x0000000000116d5f                _Xint24
                0x0000000000116d6d                _Xint25
                0x0000000000116d7b                _Xint26
                0x0000000000116d89                _Xint27
                0x0000000000116d97                _Xint28
                0x0000000000116da5                _Xint29
                0x0000000000116db3                _Xint30
                0x0000000000116dc1                _Xint31
                0x0000000000116dcf                _Xint32
                0x0000000000116ddd                _Xint33
                0x0000000000116deb                _Xint34
                0x0000000000116df9                _Xint35
                0x0000000000116e07                _Xint36
                0x0000000000116e15                _Xint37
                0x0000000000116e23                _Xint38
                0x0000000000116e31                _Xint39
                0x0000000000116e3f                _Xint40
                0x0000000000116e4d                _Xint41
                0x0000000000116e5b                _Xint42
                0x0000000000116e69                _Xint43
                0x0000000000116e77                _Xint44
                0x0000000000116e85                _Xint45
                0x0000000000116e93                _Xint46
                0x0000000000116ea1                defevec
 .text          0x0000000000116f61        0xf binaries/testandset.o
                0x0000000000116f61                test_and_set
 .text          0x0000000000116f70        0xf binaries/ttydispatch.o
                0x0000000000116f70                ttydispatch
 .text          0x0000000000116f7f       0x13 binaries/ethdispatch.o
                0x0000000000116f7f                ethdispatch
 *(.rodata .rodata.*)
 *fill*         0x0000000000116f92        0x2 
 .rodata        0x0000000000116f94       0x22 binaries/active_lock.o
 *fill*         0x0000000000116fb6        0x2 
 .rodata        0x0000000000116fb8       0x8e binaries/ascdate.o
 .rodata        0x0000000000117046       0xae binaries/conf.o
 .rodata        0x00000000001170f4      0x22f binaries/evec.o
 *fill*         0x0000000000117323        0x1 
 .rodata        0x0000000000117324       0x61 binaries/getutime.o
 *fill*         0x0000000000117385        0x3 
 .rodata        0x0000000000117388       0x90 binaries/i386.o
 .rodata        0x0000000000117418      0x181 binaries/initialize.o
 *fill*         0x0000000000117599        0x3 
 .rodata        0x000000000011759c       0x20 binaries/kill.o
 .rodata        0x00000000001175bc       0x67 binaries/main.o
 .rodata        0x0000000000117623        0xf binaries/panic.o
 *fill*         0x0000000000117632        0x2 
 .rodata        0x0000000000117634      0x1ec binaries/pci.o
 .rodata        0x0000000000117820       0x1d binaries/ptinit.o
 *fill*         0x000000000011783d        0x3 
 .rodata        0x0000000000117840       0x25 binaries/ptsend.o
 *fill*         0x0000000000117865        0x3 
 .rodata        0x0000000000117868       0xb7 binaries/stacktrace.o
 *fill*         0x000000000011791f        0x1 
 .rodata        0x0000000000117920       0x27 binaries/xdone.o
 *fill*         0x0000000000117947       0x19 
 .rodata        0x0000000000117960       0x81 binaries/ctype_.o
                0x0000000000117960                _ctype_
 *fill*         0x00000000001179e1        0x3 
 .rodata        0x00000000001179e4       0xee binaries/doprnt.o
 *fill*         0x0000000000117ad2        0x2 
 .rodata        0x0000000000117ad4       0x98 binaries/doscan.o
 .rodata        0x0000000000117b6c       0xae binaries/fdoprnt.o
 *fill*         0x0000000000117c1a        0x2 
 .rodata        0x0000000000117c1c       0x20 binaries/ttycontrol.o
 .rodata        0x0000000000117c3c       0x34 binaries/ttyhandler.o
 .rodata        0x0000000000117c70       0x80 binaries/naminit.o
 .rodata        0x0000000000117cf0       0x2e binaries/82545EMInit.o
 *fill*         0x0000000000117d1e        0x2 
 .rodata        0x0000000000117d20       0x78 binaries/ethinit.o
 .rodata        0x0000000000117d98       0x18 binaries/ethread.o
 .rodata        0x0000000000117db0       0x2c binaries/rdsbufalloc.o
 .rodata        0x0000000000117ddc       0x76 binaries/rdscomm.o
 *fill*         0x0000000000117e52        0x2 
 .rodata        0x0000000000117e54       0x48 binaries/rdscontrol.o
 .rodata        0x0000000000117e9c       0x96 binaries/rdsinit.o
 *fill*         0x0000000000117f32        0x2 
 .rodata        0x0000000000117f34       0x22 binaries/rdsopen.o
 *fill*         0x0000000000117f56        0x2 
 .rodata        0x0000000000117f58       0x4d binaries/rdsprocess.o
 .rodata        0x0000000000117fa5        0x9 binaries/raminit.o
 *fill*         0x0000000000117fae        0x2 
 .rodata        0x0000000000117fb0       0x37 binaries/lfdballoc.o
 .rodata        0x0000000000117fe7       0x14 binaries/lfiballoc.o
 *fill*         0x0000000000117ffb        0x1 
 .rodata        0x0000000000117ffc       0x23 binaries/lflcontrol.o
 *fill*         0x000000000011801f        0x1 
 .rodata        0x0000000000118020      0x11b binaries/lfsckfmt.o
 *fill*         0x000000000011813b        0x1 
 .rodata        0x000000000011813c       0x2a binaries/lfsopen.o
 *fill*         0x0000000000118166        0x2 
 .rodata        0x0000000000118168       0x21 binaries/rflread.o
 *fill*         0x0000000000118189        0x3 
 .rodata        0x000000000011818c       0x21 binaries/rflwrite.o
 *fill*         0x00000000001181ad        0x3 
 .rodata        0x00000000001181b0       0x75 binaries/rfscomm.o
 *fill*         0x0000000000118225        0x3 
 .rodata        0x0000000000118228       0x3c binaries/rfscontrol.o
 .rodata        0x0000000000118264       0x63 binaries/rfsinit.o
 *fill*         0x00000000001182c7        0x1 
 .rodata        0x00000000001182c8       0x2a binaries/rfsndmsg.o
 *fill*         0x00000000001182f2        0x2 
 .rodata        0x00000000001182f4       0x22 binaries/rfsopen.o
 *fill*         0x0000000000118316        0x2 
 .rodata        0x0000000000118318       0x3a binaries/arp.o
 *fill*         0x0000000000118352        0x2 
 .rodata        0x0000000000118354       0xcf binaries/dhcp.o
 .rodata        0x0000000000118423       0x1a binaries/dns.o
 *fill*         0x000000000011843d        0x3 
 .rodata        0x0000000000118440       0xc9 binaries/hexdump.o
 *fill*         0x0000000000118509        0x3 
 .rodata        0x000000000011850c       0x29 binaries/icmp.o
 *fill*         0x0000000000118535        0x3 
 .rodata        0x0000000000118538       0x6e binaries/ip.o
 *fill*         0x00000000001185a6        0x2 
 .rodata        0x00000000001185a8       0x4f binaries/net.o
 *fill*         0x00000000001185f7        0x1 
 .rodata        0x00000000001185f8      0x26f binaries/pdump.o
 *fill*         0x0000000000118867        0x1 
 .rodata        0x0000000000118868      0x154 binaries/tftp.o
 *fill*         0x00000000001189bc        0x4 
 .rodata        0x00000000001189c0      0x3c1 binaries/shell.o
                0x0000000000118a40                cmdtab
 .rodata        0x0000000000118d81       0x28 binaries/xsh_argecho.o
 *fill*         0x0000000000118da9        0x3 
 .rodata        0x0000000000118dac      0x123 binaries/xsh_arp.o
 *fill*         0x0000000000118ecf        0x1 
 .rodata        0x0000000000118ed0       0xc9 binaries/xsh_cat.o
 .rodata        0x0000000000118f99       0x19 binaries/xsh_clear.o
 *fill*         0x0000000000118fb2        0x2 
 .rodata        0x0000000000118fb4      0x1c3 binaries/xsh_date.o
 .rodata        0x0000000000119177       0x5d binaries/xsh_devdump.o
 .rodata        0x00000000001191d4        0x9 binaries/xsh_echo.o
 *fill*         0x00000000001191dd        0x3 
 .rodata        0x00000000001191e0      0x169 binaries/xsh_help.o
 *fill*         0x0000000000119349        0x3 
 .rodata        0x000000000011934c      0x12e binaries/xsh_kill.o
 *fill*         0x000000000011947a        0x2 
 .rodata        0x000000000011947c      0x266 binaries/xsh_memdump.o
 *fill*         0x00000000001196e2        0x2 
 .rodata        0x00000000001196e4      0x225 binaries/xsh_memstat.o
 *fill*         0x0000000000119909        0x3 
 .rodata        0x000000000011990c      0x1b0 binaries/xsh_netinfo.o
 .rodata        0x0000000000119abc      0x1a1 binaries/xsh_ping.o
 *fill*         0x0000000000119c5d        0x3 
 .rodata        0x0000000000119c60      0x1e0 binaries/xsh_ps.o
 .rodata        0x0000000000119e40       0xeb binaries/xsh_sleep.o
 *fill*         0x0000000000119f2b        0x1 
 .rodata        0x0000000000119f2c      0x1b8 binaries/xsh_udpdump.o
 .rodata        0x000000000011a0e4      0x215 binaries/xsh_udpecho.o
 *fill*         0x000000000011a2f9        0x3 
 .rodata        0x000000000011a2fc      0x12b binaries/xsh_udpserver.o
 *fill*         0x000000000011a427        0x1 
 .rodata        0x000000000011a428      0x105 binaries/xsh_uptime.o
                0x000000000011a52d                etext = ABSOLUTE (.)
                0x000000000011b000                . = ALIGN (0x1000)
 *fill*         0x000000000011a52d      0xad3 

.eh_frame       0x000000000011b000     0x2df0
 .eh_frame      0x000000000011b000       0xb8 binaries/active_lock.o
 .eh_frame      0x000000000011b0b8       0x20 binaries/ascdate.o
                                         0x38 (size before relaxing)
 .eh_frame      0x000000000011b0d8       0x20 binaries/bufinit.o
                                         0x38 (size before relaxing)
 .eh_frame      0x000000000011b0f8       0x20 binaries/chprio.o
                                         0x38 (size before relaxing)
 .eh_frame      0x000000000011b118       0x20 binaries/clkhandler.o
                                         0x38 (size before relaxing)
 .eh_frame      0x000000000011b138       0x20 binaries/clkinit.o
                                         0x38 (size before relaxing)
 .eh_frame      0x000000000011b158       0x20 binaries/close.o
                                         0x38 (size before relaxing)
 .eh_frame      0x000000000011b178       0x20 binaries/control.o
                                         0x38 (size before relaxing)
 .eh_frame      0x000000000011b198       0x40 binaries/create.o
                                         0x58 (size before relaxing)
 .eh_frame      0x000000000011b1d8       0x60 binaries/evec.o
                                         0x78 (size before relaxing)
 .eh_frame      0x000000000011b238       0x20 binaries/exit.o
                                         0x38 (size before relaxing)
 .eh_frame      0x000000000011b258       0x20 binaries/freebuf.o
                                         0x38 (size before relaxing)
 .eh_frame      0x000000000011b278       0x20 binaries/freemem.o
                                         0x38 (size before relaxing)
 .eh_frame      0x000000000011b298       0x20 binaries/getbuf.o
                                         0x38 (size before relaxing)
 .eh_frame      0x000000000011b2b8       0x20 binaries/getc.o
                                         0x38 (size before relaxing)
 .eh_frame      0x000000000011b2d8       0x20 binaries/getdev.o
                                         0x38 (size before relaxing)
 .eh_frame      0x000000000011b2f8       0x60 binaries/getitem.o
                                         0x78 (size before relaxing)
 .eh_frame      0x000000000011b358       0x20 binaries/getmem.o
                                         0x38 (size before relaxing)
 .eh_frame      0x000000000011b378       0x20 binaries/getpid.o
                                         0x38 (size before relaxing)
 .eh_frame      0x000000000011b398       0x20 binaries/getprio.o
                                         0x38 (size before relaxing)
 .eh_frame      0x000000000011b3b8       0x20 binaries/getstk.o
                                         0x38 (size before relaxing)
 .eh_frame      0x000000000011b3d8       0x20 binaries/getticks.o
                                         0x38 (size before relaxing)
 .eh_frame      0x000000000011b3f8       0x20 binaries/gettime.o
                                         0x38 (size before relaxing)
 .eh_frame      0x000000000011b418       0x20 binaries/getutime.o
                                         0x38 (size before relaxing)
 .eh_frame      0x000000000011b438       0x8c binaries/i386.o
                                         0xa4 (size before relaxing)
 .eh_frame      0x000000000011b4c4       0x20 binaries/init.o
                                         0x38 (size before relaxing)
 .eh_frame      0x000000000011b4e4       0xa0 binaries/initialize.o
                                         0xb8 (size before relaxing)
 .eh_frame      0x000000000011b584       0x20 binaries/insert.o
                                         0x38 (size before relaxing)
 .eh_frame      0x000000000011b5a4       0x20 binaries/insertd.o
                                         0x38 (size before relaxing)
 .eh_frame      0x000000000011b5c4       0x20 binaries/ioerr.o
                                         0x38 (size before relaxing)
 .eh_frame      0x000000000011b5e4       0x20 binaries/ionull.o
                                         0x38 (size before relaxing)
 .eh_frame      0x000000000011b604       0x20 binaries/kill.o
                                         0x38 (size before relaxing)
 .eh_frame      0x000000000011b624       0x60 binaries/kprintf.o
                                         0x78 (size before relaxing)
 .eh_frame      0x000000000011b684       0x60 binaries/lock.o
                                         0x78 (size before relaxing)
 .eh_frame      0x000000000011b6e4       0x8c binaries/main.o
                                         0xa4 (size before relaxing)
 .eh_frame      0x000000000011b770       0x40 binaries/mark.o
                                         0x58 (size before relaxing)
 .eh_frame      0x000000000011b7b0       0x20 binaries/meminit.o
                                         0x38 (size before relaxing)
 .eh_frame      0x000000000011b7d0       0x20 binaries/mkbufpool.o
                                         0x38 (size before relaxing)
 .eh_frame      0x000000000011b7f0       0x20 binaries/newqueue.o
                                         0x38 (size before relaxing)
 .eh_frame      0x000000000011b810       0x20 binaries/open.o
                                         0x38 (size before relaxing)
 .eh_frame      0x000000000011b830       0x1c binaries/panic.o
                                         0x34 (size before relaxing)
 .eh_frame      0x000000000011b84c      0x1c8 binaries/pci.o
                                        0x1e0 (size before relaxing)
 .eh_frame      0x000000000011ba14       0x20 binaries/ptclear.o
                                         0x38 (size before relaxing)
 .eh_frame      0x000000000011ba34       0x20 binaries/ptcount.o
                                         0x38 (size before relaxing)
 .eh_frame      0x000000000011ba54       0x20 binaries/ptcreate.o
                                         0x38 (size before relaxing)
 .eh_frame      0x000000000011ba74       0x20 binaries/ptdelete.o
                                         0x38 (size before relaxing)
 .eh_frame      0x000000000011ba94       0x20 binaries/ptinit.o
                                         0x38 (size before relaxing)
 .eh_frame      0x000000000011bab4       0x20 binaries/ptrecv.o
                                         0x38 (size before relaxing)
 .eh_frame      0x000000000011bad4       0x20 binaries/ptreset.o
                                         0x38 (size before relaxing)
 .eh_frame      0x000000000011baf4       0x20 binaries/ptsend.o
                                         0x38 (size before relaxing)
 .eh_frame      0x000000000011bb14       0x20 binaries/putc.o
                                         0x38 (size before relaxing)
 .eh_frame      0x000000000011bb34       0x40 binaries/queue.o
                                         0x58 (size before relaxing)
 .eh_frame      0x000000000011bb74       0x20 binaries/read.o
                                         0x38 (size before relaxing)
 .eh_frame      0x000000000011bb94       0x24 binaries/ready.o
                                         0x3c (size before relaxing)
 .eh_frame      0x000000000011bbb8       0x20 binaries/receive.o
                                         0x38 (size before relaxing)
 .eh_frame      0x000000000011bbd8       0x20 binaries/recvclr.o
                                         0x38 (size before relaxing)
 .eh_frame      0x000000000011bbf8       0x20 binaries/recvtime.o
                                         0x38 (size before relaxing)
 .eh_frame      0x000000000011bc18       0x40 binaries/resched.o
                                         0x58 (size before relaxing)
 .eh_frame      0x000000000011bc58       0x20 binaries/resume.o
                                         0x38 (size before relaxing)
 .eh_frame      0x000000000011bc78       0x20 binaries/seek.o
                                         0x38 (size before relaxing)
 .eh_frame      0x000000000011bc98       0x20 binaries/semcount.o
                                         0x38 (size before relaxing)
 .eh_frame      0x000000000011bcb8       0x40 binaries/semcreate.o
                                         0x58 (size before relaxing)
 .eh_frame      0x000000000011bcf8       0x20 binaries/semdelete.o
                                         0x38 (size before relaxing)
 .eh_frame      0x000000000011bd18       0x20 binaries/semreset.o
                                         0x38 (size before relaxing)
 .eh_frame      0x000000000011bd38       0x20 binaries/send.o
                                         0x38 (size before relaxing)
 .eh_frame      0x000000000011bd58       0x20 binaries/signal.o
                                         0x38 (size before relaxing)
 .eh_frame      0x000000000011bd78       0x20 binaries/signaln.o
                                         0x38 (size before relaxing)
 .eh_frame      0x000000000011bd98       0x40 binaries/sleep.o
                                         0x58 (size before relaxing)
 .eh_frame      0x000000000011bdd8       0x60 binaries/spinlock.o
                                         0x78 (size before relaxing)
 .eh_frame      0x000000000011be38       0x20 binaries/stacktrace.o
                                         0x38 (size before relaxing)
 .eh_frame      0x000000000011be58       0x20 binaries/suspend.o
                                         0x38 (size before relaxing)
 .eh_frame      0x000000000011be78       0x20 binaries/unsleep.o
                                         0x38 (size before relaxing)
 .eh_frame      0x000000000011be98       0x20 binaries/userret.o
                                         0x38 (size before relaxing)
 .eh_frame      0x000000000011beb8       0x20 binaries/wait.o
                                         0x38 (size before relaxing)
 .eh_frame      0x000000000011bed8       0x20 binaries/wakeup.o
                                         0x38 (size before relaxing)
 .eh_frame      0x000000000011bef8       0x20 binaries/write.o
                                         0x38 (size before relaxing)
 .eh_frame      0x000000000011bf18       0x20 binaries/xdone.o
                                         0x38 (size before relaxing)
 .eh_frame      0x000000000011bf38       0x20 binaries/yield.o
                                         0x38 (size before relaxing)
 .eh_frame      0x000000000011bf58       0x20 binaries/abs.o
                                         0x38 (size before relaxing)
 .eh_frame      0x000000000011bf78       0x20 binaries/atoi.o
                                         0x38 (size before relaxing)
 .eh_frame      0x000000000011bf98       0x20 binaries/atol.o
                                         0x38 (size before relaxing)
 .eh_frame      0x000000000011bfb8       0x20 binaries/bzero.o
                                         0x38 (size before relaxing)
 .eh_frame      0x000000000011bfd8       0xe0 binaries/doprnt.o
                                         0xf8 (size before relaxing)
 .eh_frame      0x000000000011c0b8       0xb0 binaries/doscan.o
                                         0xc8 (size before relaxing)
 .eh_frame      0x000000000011c168       0xc0 binaries/fdoprnt.o
                                         0xd8 (size before relaxing)
 .eh_frame      0x000000000011c228       0x20 binaries/fgetc.o
                                         0x38 (size before relaxing)
 .eh_frame      0x000000000011c248       0x20 binaries/fgets.o
                                         0x38 (size before relaxing)
 .eh_frame      0x000000000011c268       0x20 binaries/fprintf.o
                                         0x38 (size before relaxing)
 .eh_frame      0x000000000011c288       0x20 binaries/fputc.o
                                         0x38 (size before relaxing)
 .eh_frame      0x000000000011c2a8       0x20 binaries/fputs.o
                                         0x38 (size before relaxing)
 .eh_frame      0x000000000011c2c8       0x60 binaries/fscanf.o
                                         0x78 (size before relaxing)
 .eh_frame      0x000000000011c328       0x20 binaries/getchar.o
                                         0x38 (size before relaxing)
 .eh_frame      0x000000000011c348       0x20 binaries/labs.o
                                         0x38 (size before relaxing)
 .eh_frame      0x000000000011c368       0x20 binaries/memcmp.o
                                         0x38 (size before relaxing)
 .eh_frame      0x000000000011c388       0x24 binaries/memcpy.o
                                         0x3c (size before relaxing)
 .eh_frame      0x000000000011c3ac       0x24 binaries/memset.o
                                         0x3c (size before relaxing)
 .eh_frame      0x000000000011c3d0       0x20 binaries/printf.o
                                         0x38 (size before relaxing)
 .eh_frame      0x000000000011c3f0       0x20 binaries/putchar.o
                                         0x38 (size before relaxing)
 .eh_frame      0x000000000011c410       0xa8 binaries/qsort.o
                                         0xc0 (size before relaxing)
 .eh_frame      0x000000000011c4b8       0x60 binaries/rand.o
                                         0x78 (size before relaxing)
 .eh_frame      0x000000000011c518       0x40 binaries/sprintf.o
                                         0x58 (size before relaxing)
 .eh_frame      0x000000000011c558       0x60 binaries/sscanf.o
                                         0x78 (size before relaxing)
 .eh_frame      0x000000000011c5b8       0x20 binaries/strchr.o
                                         0x38 (size before relaxing)
 .eh_frame      0x000000000011c5d8       0x20 binaries/strcmp.o
                                         0x38 (size before relaxing)
 .eh_frame      0x000000000011c5f8       0x20 binaries/strcpy.o
                                         0x38 (size before relaxing)
 .eh_frame      0x000000000011c618       0x20 binaries/strlen.o
                                         0x38 (size before relaxing)
 .eh_frame      0x000000000011c638       0x20 binaries/strncat.o
                                         0x38 (size before relaxing)
 .eh_frame      0x000000000011c658       0x20 binaries/strncmp.o
                                         0x38 (size before relaxing)
 .eh_frame      0x000000000011c678       0x28 binaries/strncpy.o
                                         0x40 (size before relaxing)
 .eh_frame      0x000000000011c6a0       0x20 binaries/strnlen.o
                                         0x38 (size before relaxing)
 .eh_frame      0x000000000011c6c0       0x20 binaries/strrchr.o
                                         0x38 (size before relaxing)
 .eh_frame      0x000000000011c6e0       0x20 binaries/strstr.o
                                         0x38 (size before relaxing)
 .eh_frame      0x000000000011c700       0x20 binaries/ttycontrol.o
                                         0x38 (size before relaxing)
 .eh_frame      0x000000000011c720       0x20 binaries/ttygetc.o
                                         0x38 (size before relaxing)
 .eh_frame      0x000000000011c740       0x80 binaries/ttyhandle_in.o
                                         0x98 (size before relaxing)
 .eh_frame      0x000000000011c7c0       0x20 binaries/ttyhandle_out.o
                                         0x38 (size before relaxing)
 .eh_frame      0x000000000011c7e0       0x20 binaries/ttyhandler.o
                                         0x38 (size before relaxing)
 .eh_frame      0x000000000011c800       0x20 binaries/ttyinit.o
                                         0x38 (size before relaxing)
 .eh_frame      0x000000000011c820       0x20 binaries/ttykickout.o
                                         0x38 (size before relaxing)
 .eh_frame      0x000000000011c840       0x20 binaries/ttyputc.o
                                         0x38 (size before relaxing)
 .eh_frame      0x000000000011c860       0x24 binaries/ttyread.o
                                         0x3c (size before relaxing)
 .eh_frame      0x000000000011c884       0x20 binaries/ttywrite.o
                                         0x38 (size before relaxing)
 .eh_frame      0x000000000011c8a4       0x40 binaries/mount.o
                                         0x58 (size before relaxing)
 .eh_frame      0x000000000011c8e4       0x20 binaries/naminit.o
                                         0x38 (size before relaxing)
 .eh_frame      0x000000000011c904       0x60 binaries/nammap.o
                                         0x78 (size before relaxing)
 .eh_frame      0x000000000011c964       0x20 binaries/namopen.o
                                         0x38 (size before relaxing)
 .eh_frame      0x000000000011c984      0x150 binaries/82545EMInit.o
                                        0x168 (size before relaxing)
 .eh_frame      0x000000000011cad4       0xa0 binaries/ethcontrol.o
                                         0xb8 (size before relaxing)
 .eh_frame      0x000000000011cb74       0x80 binaries/ethhandler.o
                                         0x98 (size before relaxing)
 .eh_frame      0x000000000011cbf4       0x20 binaries/ethinit.o
                                         0x38 (size before relaxing)
 .eh_frame      0x000000000011cc14       0x60 binaries/ethread.o
                                         0x78 (size before relaxing)
 .eh_frame      0x000000000011cc74       0x60 binaries/ethwrite.o
                                         0x78 (size before relaxing)
 .eh_frame      0x000000000011ccd4       0x20 binaries/rdsbufalloc.o
                                         0x38 (size before relaxing)
 .eh_frame      0x000000000011ccf4       0x20 binaries/rdsclose.o
                                         0x38 (size before relaxing)
 .eh_frame      0x000000000011cd14       0x20 binaries/rdscomm.o
                                         0x38 (size before relaxing)
 .eh_frame      0x000000000011cd34       0x20 binaries/rdscontrol.o
                                         0x38 (size before relaxing)
 .eh_frame      0x000000000011cd54       0x20 binaries/rdsinit.o
                                         0x38 (size before relaxing)
 .eh_frame      0x000000000011cd74       0x20 binaries/rdsopen.o
                                         0x38 (size before relaxing)
 .eh_frame      0x000000000011cd94       0x1c binaries/rdsprocess.o
                                         0x34 (size before relaxing)
 .eh_frame      0x000000000011cdb0       0x20 binaries/rdsread.o
                                         0x38 (size before relaxing)
 .eh_frame      0x000000000011cdd0       0x20 binaries/rdswrite.o
                                         0x38 (size before relaxing)
 .eh_frame      0x000000000011cdf0       0x20 binaries/ramclose.o
                                         0x38 (size before relaxing)
 .eh_frame      0x000000000011ce10       0x20 binaries/raminit.o
                                         0x38 (size before relaxing)
 .eh_frame      0x000000000011ce30       0x20 binaries/ramopen.o
                                         0x38 (size before relaxing)
 .eh_frame      0x000000000011ce50       0x20 binaries/ramread.o
                                         0x38 (size before relaxing)
 .eh_frame      0x000000000011ce70       0x20 binaries/ramwrite.o
                                         0x38 (size before relaxing)
 .eh_frame      0x000000000011ce90       0x20 binaries/lfdballoc.o
                                         0x38 (size before relaxing)
 .eh_frame      0x000000000011ceb0       0x20 binaries/lfdbfree.o
                                         0x38 (size before relaxing)
 .eh_frame      0x000000000011ced0       0x20 binaries/lfflush.o
                                         0x38 (size before relaxing)
 .eh_frame      0x000000000011cef0       0x20 binaries/lfgetmode.o
                                         0x38 (size before relaxing)
 .eh_frame      0x000000000011cf10       0x20 binaries/lfiballoc.o
                                         0x38 (size before relaxing)
 .eh_frame      0x000000000011cf30       0x20 binaries/lfibclear.o
                                         0x38 (size before relaxing)
 .eh_frame      0x000000000011cf50       0x20 binaries/lfibget.o
                                         0x38 (size before relaxing)
 .eh_frame      0x000000000011cf70       0x20 binaries/lfibput.o
                                         0x38 (size before relaxing)
 .eh_frame      0x000000000011cf90       0x20 binaries/lflclose.o
                                         0x38 (size before relaxing)
 .eh_frame      0x000000000011cfb0       0x20 binaries/lflcontrol.o
                                         0x38 (size before relaxing)
 .eh_frame      0x000000000011cfd0       0x20 binaries/lflgetc.o
                                         0x38 (size before relaxing)
 .eh_frame      0x000000000011cff0       0x20 binaries/lflinit.o
                                         0x38 (size before relaxing)
 .eh_frame      0x000000000011d010       0x20 binaries/lflputc.o
                                         0x38 (size before relaxing)
 .eh_frame      0x000000000011d030       0x20 binaries/lflread.o
                                         0x38 (size before relaxing)
 .eh_frame      0x000000000011d050       0x20 binaries/lflseek.o
                                         0x38 (size before relaxing)
 .eh_frame      0x000000000011d070       0x20 binaries/lflwrite.o
                                         0x38 (size before relaxing)
 .eh_frame      0x000000000011d090       0x20 binaries/lfscheck.o
                                         0x38 (size before relaxing)
 .eh_frame      0x000000000011d0b0       0x20 binaries/lfsckfmt.o
                                         0x38 (size before relaxing)
 .eh_frame      0x000000000011d0d0       0x20 binaries/lfscreate.o
                                         0x38 (size before relaxing)
 .eh_frame      0x000000000011d0f0       0x20 binaries/lfsetup.o
                                         0x38 (size before relaxing)
 .eh_frame      0x000000000011d110       0x20 binaries/lfsinit.o
                                         0x38 (size before relaxing)
 .eh_frame      0x000000000011d130       0x20 binaries/lfsopen.o
                                         0x38 (size before relaxing)
 .eh_frame      0x000000000011d150       0x20 binaries/lftruncate.o
                                         0x38 (size before relaxing)
 .eh_frame      0x000000000011d170       0x20 binaries/rflclose.o
                                         0x38 (size before relaxing)
 .eh_frame      0x000000000011d190       0x20 binaries/rflgetc.o
                                         0x38 (size before relaxing)
 .eh_frame      0x000000000011d1b0       0x20 binaries/rflinit.o
                                         0x38 (size before relaxing)
 .eh_frame      0x000000000011d1d0       0x20 binaries/rflputc.o
                                         0x38 (size before relaxing)
 .eh_frame      0x000000000011d1f0       0x20 binaries/rflread.o
                                         0x38 (size before relaxing)
 .eh_frame      0x000000000011d210       0x20 binaries/rflseek.o
                                         0x38 (size before relaxing)
 .eh_frame      0x000000000011d230       0x20 binaries/rflwrite.o
                                         0x38 (size before relaxing)
 .eh_frame      0x000000000011d250       0x20 binaries/rfscomm.o
                                         0x38 (size before relaxing)
 .eh_frame      0x000000000011d270       0x20 binaries/rfscontrol.o
                                         0x38 (size before relaxing)
 .eh_frame      0x000000000011d290       0x20 binaries/rfsgetmode.o
                                         0x38 (size before relaxing)
 .eh_frame      0x000000000011d2b0       0x20 binaries/rfsinit.o
                                         0x38 (size before relaxing)
 .eh_frame      0x000000000011d2d0       0x20 binaries/rfsndmsg.o
                                         0x38 (size before relaxing)
 .eh_frame      0x000000000011d2f0       0x20 binaries/rfsopen.o
                                         0x38 (size before relaxing)
 .eh_frame      0x000000000011d310       0xc0 binaries/arp.o
                                         0xd8 (size before relaxing)
 .eh_frame      0x000000000011d3d0       0xa0 binaries/dhcp.o
                                         0xb8 (size before relaxing)
 .eh_frame      0x000000000011d470       0x80 binaries/dns.o
                                         0x98 (size before relaxing)
 .eh_frame      0x000000000011d4f0       0x20 binaries/dot2ip.o
                                         0x38 (size before relaxing)
 .eh_frame      0x000000000011d510       0x40 binaries/hexdump.o
                                         0x58 (size before relaxing)
 .eh_frame      0x000000000011d550      0x14c binaries/icmp.o
                                        0x164 (size before relaxing)
 .eh_frame      0x000000000011d69c      0x11c binaries/ip.o
                                        0x134 (size before relaxing)
 .eh_frame      0x000000000011d7b8       0xa0 binaries/net.o
                                         0xb8 (size before relaxing)
 .eh_frame      0x000000000011d858       0x60 binaries/pdump.o
                                         0x78 (size before relaxing)
 .eh_frame      0x000000000011d8b8       0x60 binaries/tftp.o
                                         0x78 (size before relaxing)
 .eh_frame      0x000000000011d918      0x140 binaries/udp.o
                                        0x158 (size before relaxing)
 .eh_frame      0x000000000011da58       0x20 binaries/addargs.o
                                         0x38 (size before relaxing)
 .eh_frame      0x000000000011da78       0x20 binaries/lexan.o
                                         0x38 (size before relaxing)
 .eh_frame      0x000000000011da98       0x20 binaries/shell.o
                                         0x38 (size before relaxing)
 .eh_frame      0x000000000011dab8       0x20 binaries/xsh_argecho.o
                                         0x38 (size before relaxing)
 .eh_frame      0x000000000011dad8       0x40 binaries/xsh_arp.o
                                         0x58 (size before relaxing)
 .eh_frame      0x000000000011db18       0x20 binaries/xsh_cat.o
                                         0x38 (size before relaxing)
 .eh_frame      0x000000000011db38       0x20 binaries/xsh_clear.o
                                         0x38 (size before relaxing)
 .eh_frame      0x000000000011db58       0x20 binaries/xsh_date.o
                                         0x38 (size before relaxing)
 .eh_frame      0x000000000011db78       0x20 binaries/xsh_devdump.o
                                         0x38 (size before relaxing)
 .eh_frame      0x000000000011db98       0x20 binaries/xsh_echo.o
                                         0x38 (size before relaxing)
 .eh_frame      0x000000000011dbb8       0x20 binaries/xsh_exit.o
                                         0x38 (size before relaxing)
 .eh_frame      0x000000000011dbd8       0x20 binaries/xsh_help.o
                                         0x38 (size before relaxing)
 .eh_frame      0x000000000011dbf8       0x20 binaries/xsh_kill.o
                                         0x38 (size before relaxing)
 .eh_frame      0x000000000011dc18       0x40 binaries/xsh_memdump.o
                                         0x58 (size before relaxing)
 .eh_frame      0x000000000011dc58       0x60 binaries/xsh_memstat.o
                                         0x78 (size before relaxing)
 .eh_frame      0x000000000011dcb8       0x30 binaries/xsh_netinfo.o
                                         0x48 (size before relaxing)
 .eh_frame      0x000000000011dce8       0x24 binaries/xsh_ping.o
                                         0x3c (size before relaxing)
 .eh_frame      0x000000000011dd0c       0x30 binaries/xsh_ps.o
                                         0x48 (size before relaxing)
 .eh_frame      0x000000000011dd3c       0x20 binaries/xsh_sleep.o
                                         0x38 (size before relaxing)
 .eh_frame      0x000000000011dd5c       0x20 binaries/xsh_udpdump.o
                                         0x38 (size before relaxing)
 .eh_frame      0x000000000011dd7c       0x30 binaries/xsh_udpecho.o
                                         0x48 (size before relaxing)
 .eh_frame      0x000000000011ddac       0x24 binaries/xsh_udpserver.o
                                         0x3c (size before relaxing)
 .eh_frame      0x000000000011ddd0       0x20 binaries/xsh_uptime.o
                                         0x38 (size before relaxing)

.iplt           0x000000000011ddf0        0x0
 .iplt          0x000000000011ddf0        0x0 binaries/start.o

.rel.dyn        0x000000000011ddf0        0x0
 .rel.iplt      0x000000000011ddf0        0x0 binaries/start.o
 .rel.text      0x000000000011ddf0        0x0 binaries/start.o
 .rel.data      0x000000000011ddf0        0x0 binaries/start.o
 .rel.rodata    0x000000000011ddf0        0x0 binaries/start.o

.data           0x000000000011de00     0x1200
                0x000000000011de00                data = ABSOLUTE (.)
 *(.data .data.*)
 .data          0x000000000011de00      0x460 binaries/start.o
                0x000000000011de00                gdt
                0x000000000011de40                gdtr
                0x000000000011de46                idt
                0x000000000011e246                idtr
                0x000000000011e24c                cpudelay
                0x000000000011e250                _bootdev
                0x000000000011e254                _cyloffset
 .data          0x000000000011e260        0x0 binaries/active_lock.o
 .data          0x000000000011e260       0x88 binaries/ascdate.o
                0x000000000011e260                Date
 .data          0x000000000011e2e8        0x0 binaries/bufinit.o
 .data          0x000000000011e2e8        0x0 binaries/chprio.o
 .data          0x000000000011e2e8        0x4 binaries/clkhandler.o
 .data          0x000000000011e2ec        0x0 binaries/clkinit.o
 .data          0x000000000011e2ec        0x0 binaries/close.o
 *fill*         0x000000000011e2ec       0x14 
 .data          0x000000000011e300      0x5a0 binaries/conf.o
                0x000000000011e300                devtab
 .data          0x000000000011e8a0        0x0 binaries/control.o
 .data          0x000000000011e8a0        0x4 binaries/create.o
 *fill*         0x000000000011e8a4       0x1c 
 .data          0x000000000011e8c0       0x40 binaries/evec.o
                0x000000000011e8c0                inames
 .data          0x000000000011e900        0x0 binaries/exit.o
 .data          0x000000000011e900        0x0 binaries/freebuf.o
 .data          0x000000000011e900        0x0 binaries/freemem.o
 .data          0x000000000011e900        0x0 binaries/getbuf.o
 .data          0x000000000011e900        0x0 binaries/getc.o
 .data          0x000000000011e900        0x0 binaries/getdev.o
 .data          0x000000000011e900        0x0 binaries/getitem.o
 .data          0x000000000011e900        0x0 binaries/getmem.o
 .data          0x000000000011e900        0x0 binaries/getpid.o
 .data          0x000000000011e900        0x0 binaries/getprio.o
 .data          0x000000000011e900        0x0 binaries/getstk.o
 .data          0x000000000011e900        0x0 binaries/getticks.o
 .data          0x000000000011e900        0x0 binaries/gettime.o
 .data          0x000000000011e900        0x0 binaries/getutime.o
 .data          0x000000000011e900       0x40 binaries/i386.o
                0x000000000011e900                gdt_copy
 .data          0x000000000011e940        0x0 binaries/init.o
 .data          0x000000000011e940        0x0 binaries/initialize.o
 .data          0x000000000011e940        0x0 binaries/insert.o
 .data          0x000000000011e940        0x0 binaries/insertd.o
 .data          0x000000000011e940        0x0 binaries/ioerr.o
[...]
 .comment       0x000000000000001d       0x1e binaries/hexdump.o
 .comment       0x000000000000001d       0x1e binaries/icmp.o
 .comment       0x000000000000001d       0x1e binaries/ip.o
 .comment       0x000000000000001d       0x1e binaries/net.o
 .comment       0x000000000000001d       0x1e binaries/pdump.o
 .comment       0x000000000000001d       0x1e binaries/tftp.o
 .comment       0x000000000000001d       0x1e binaries/udp.o
 .comment       0x000000000000001d       0x1e binaries/addargs.o
 .comment       0x000000000000001d       0x1e binaries/lexan.o
 .comment       0x000000000000001d       0x1e binaries/shell.o
 .comment       0x000000000000001d       0x1e binaries/xsh_argecho.o
 .comment       0x000000000000001d       0x1e binaries/xsh_arp.o
 .comment       0x000000000000001d       0x1e binaries/xsh_cat.o
 .comment       0x000000000000001d       0x1e binaries/xsh_clear.o
 .comment       0x000000000000001d       0x1e binaries/xsh_date.o
 .comment       0x000000000000001d       0x1e binaries/xsh_devdump.o
 .comment       0x000000000000001d       0x1e binaries/xsh_echo.o
 .comment       0x000000000000001d       0x1e binaries/xsh_exit.o
 .comment       0x000000000000001d       0x1e binaries/xsh_help.o
 .comment       0x000000000000001d       0x1e binaries/xsh_kill.o
 .comment       0x000000000000001d       0x1e binaries/xsh_memdump.o
 .comment       0x000000000000001d       0x1e binaries/xsh_memstat.o
 .comment       0x000000000000001d       0x1e binaries/xsh_netinfo.o
 .comment       0x000000000000001d       0x1e binaries/xsh_ping.o
 .comment       0x000000000000001d       0x1e binaries/xsh_ps.o
 .comment       0x000000000000001d       0x1e binaries/xsh_sleep.o
 .comment       0x000000000000001d       0x1e binaries/xsh_udpdump.o
 .comment       0x000000000000001d       0x1e binaries/xsh_udpecho.o
 .comment       0x000000000000001d       0x1e binaries/xsh_udpserver.o
 .comment       0x000000000000001d       0x1e binaries/xsh_uptime.o

.note.GNU-stack
                0x0000000000000000        0x0
 .note.GNU-stack
                0x0000000000000000        0x0 binaries/active_lock.o
 .note.GNU-stack
                0x0000000000000000        0x0 binaries/ascdate.o
 .note.GNU-stack
                0x0000000000000000        0x0 binaries/bufinit.o
 .note.GNU-stack
                0x0000000000000000        0x0 binaries/chprio.o
 .note.GNU-stack
                0x0000000000000000        0x0 binaries/clkhandler.o
 .note.GNU-stack
                0x0000000000000000        0x0 binaries/clkinit.o
 .note.GNU-stack
                0x0000000000000000        0x0 binaries/close.o
 .note.GNU-stack
                0x0000000000000000        0x0 binaries/conf.o
 .note.GNU-stack
                0x0000000000000000        0x0 binaries/control.o
 .note.GNU-stack
                0x0000000000000000        0x0 binaries/create.o
 .note.GNU-stack
                0x0000000000000000        0x0 binaries/evec.o
 .note.GNU-stack
                0x0000000000000000        0x0 binaries/exit.o
 .note.GNU-stack
                0x0000000000000000        0x0 binaries/freebuf.o
 .note.GNU-stack
                0x0000000000000000        0x0 binaries/freemem.o
 .note.GNU-stack
                0x0000000000000000        0x0 binaries/getbuf.o
 .note.GNU-stack
                0x0000000000000000        0x0 binaries/getc.o
 .note.GNU-stack
                0x0000000000000000        0x0 binaries/getdev.o
 .note.GNU-stack
                0x0000000000000000        0x0 binaries/getitem.o
 .note.GNU-stack
                0x0000000000000000        0x0 binaries/getmem.o
 .note.GNU-stack
                0x0000000000000000        0x0 binaries/getpid.o
 .note.GNU-stack
                0x0000000000000000        0x0 binaries/getprio.o
 .note.GNU-stack
                0x0000000000000000        0x0 binaries/getstk.o
 .note.GNU-stack
                0x0000000000000000        0x0 binaries/getticks.o
 .note.GNU-stack
                0x0000000000000000        0x0 binaries/gettime.o
 .note.GNU-stack
                0x0000000000000000        0x0 binaries/getutime.o
 .note.GNU-stack
                0x0000000000000000        0x0 binaries/i386.o
 .note.GNU-stack
                0x0000000000000000        0x0 binaries/init.o
 .note.GNU-stack
                0x0000000000000000        0x0 binaries/initialize.o
 .note.GNU-stack
                0x0000000000000000        0x0 binaries/insert.o
 .note.GNU-stack
                0x0000000000000000        0x0 binaries/insertd.o
 .note.GNU-stack
                0x0000000000000000        0x0 binaries/ioerr.o
 .note.GNU-stack
                0x0000000000000000        0x0 binaries/ionull.o
 .note.GNU-stack
                0x0000000000000000        0x0 binaries/kill.o
 .note.GNU-stack
                0x0000000000000000        0x0 binaries/kprintf.o
 .note.GNU-stack
                0x0000000000000000        0x0 binaries/lock.o
 .note.GNU-stack
                0x0000000000000000        0x0 binaries/main.o
 .note.GNU-stack
                0x0000000000000000        0x0 binaries/mark.o
 .note.GNU-stack
                0x0000000000000000        0x0 binaries/meminit.o
 .note.GNU-stack
                0x0000000000000000        0x0 binaries/mkbufpool.o
 .note.GNU-stack
                0x0000000000000000        0x0 binaries/newqueue.o
 .note.GNU-stack
                0x0000000000000000        0x0 binaries/open.o
 .note.GNU-stack
                0x0000000000000000        0x0 binaries/panic.o
 .note.GNU-stack
                0x0000000000000000        0x0 binaries/pci.o
 .note.GNU-stack
                0x0000000000000000        0x0 binaries/ptclear.o
 .note.GNU-stack
                0x0000000000000000        0x0 binaries/ptcount.o
 .note.GNU-stack
                0x0000000000000000        0x0 binaries/ptcreate.o
 .note.GNU-stack
                0x0000000000000000        0x0 binaries/ptdelete.o
 .note.GNU-stack
                0x0000000000000000        0x0 binaries/ptinit.o
 .note.GNU-stack
                0x0000000000000000        0x0 binaries/ptrecv.o
 .note.GNU-stack
                0x0000000000000000        0x0 binaries/ptreset.o
 .note.GNU-stack
                0x0000000000000000        0x0 binaries/ptsend.o
 .note.GNU-stack
                0x0000000000000000        0x0 binaries/putc.o
 .note.GNU-stack
                0x0000000000000000        0x0 binaries/queue.o
 .note.GNU-stack
                0x0000000000000000        0x0 binaries/read.o
 .note.GNU-stack
                0x0000000000000000        0x0 binaries/ready.o
 .note.GNU-stack
                0x0000000000000000        0x0 binaries/receive.o
 .note.GNU-stack
                0x0000000000000000        0x0 binaries/recvclr.o
 .note.GNU-stack
                0x0000000000000000        0x0 binaries/recvtime.o
 .note.GNU-stack
                0x0000000000000000        0x0 binaries/resched.o
 .note.GNU-stack
                0x0000000000000000        0x0 binaries/resume.o
 .note.GNU-stack
                0x0000000000000000        0x0 binaries/seek.o
 .note.GNU-stack
                0x0000000000000000        0x0 binaries/semcount.o
 .note.GNU-stack
                0x0000000000000000        0x0 binaries/semcreate.o
 .note.GNU-stack
                0x0000000000000000        0x0 binaries/semdelete.o
 .note.GNU-stack
                0x0000000000000000        0x0 binaries/semreset.o
 .note.GNU-stack
                0x0000000000000000        0x0 binaries/send.o
 .note.GNU-stack
                0x0000000000000000        0x0 binaries/signal.o
 .note.GNU-stack
                0x0000000000000000        0x0 binaries/signaln.o
 .note.GNU-stack
                0x0000000000000000        0x0 binaries/sleep.o
 .note.GNU-stack
                0x0000000000000000        0x0 binaries/spinlock.o
 .note.GNU-stack
                0x0000000000000000        0x0 binaries/stacktrace.o
 .note.GNU-stack
                0x0000000000000000        0x0 binaries/suspend.o
 .note.GNU-stack
                0x0000000000000000        0x0 binaries/unsleep.o
 .note.GNU-stack
                0x0000000000000000        0x0 binaries/userret.o
 .note.GNU-stack
                0x0000000000000000        0x0 binaries/wait.o
 .note.GNU-stack
                0x0000000000000000        0x0 binaries/wakeup.o
 .note.GNU-stack
                0x0000000000000000        0x0 binaries/write.o
 .note.GNU-stack
                0x0000000000000000        0x0 binaries/xdone.o
 .note.GNU-stack
                0x0000000000000000        0x0 binaries/yield.o
 .note.GNU-stack
                0x0000000000000000        0x0 binaries/abs.o
 .note.GNU-stack
                0x0000000000000000        0x0 binaries/atoi.o
 .note.GNU-stack
                0x0000000000000000        0x0 binaries/atol.o
 .note.GNU-stack
                0x0000000000000000        0x0 binaries/bzero.o
 .note.GNU-stack
                0x0000000000000000        0x0 binaries/ctype_.o
 .note.GNU-stack
                0x0000000000000000        0x0 binaries/doprnt.o
 .note.GNU-stack
                0x0000000000000000        0x0 binaries/doscan.o
 .note.GNU-stack
                0x0000000000000000        0x0 binaries/fdoprnt.o
 .note.GNU-stack
                0x0000000000000000        0x0 binaries/fgetc.o
 .note.GNU-stack
                0x0000000000000000        0x0 binaries/fgets.o
 .note.GNU-stack
                0x0000000000000000        0x0 binaries/fprintf.o
 .note.GNU-stack
                0x0000000000000000        0x0 binaries/fputc.o
 .note.GNU-stack
                0x0000000000000000        0x0 binaries/fputs.o
 .note.GNU-stack
                0x0000000000000000        0x0 binaries/fscanf.o
 .note.GNU-stack
                0x0000000000000000        0x0 binaries/getchar.o
 .note.GNU-stack
                0x0000000000000000        0x0 binaries/labs.o
 .note.GNU-stack
                0x0000000000000000        0x0 binaries/memchr.o
 .note.GNU-stack
                0x0000000000000000        0x0 binaries/memcmp.o
 .note.GNU-stack
                0x0000000000000000        0x0 binaries/memcpy.o
 .note.GNU-stack
                0x0000000000000000        0x0 binaries/memset.o
 .note.GNU-stack
                0x0000000000000000        0x0 binaries/printf.o
 .note.GNU-stack
                0x0000000000000000        0x0 binaries/putchar.o
 .note.GNU-stack
                0x0000000000000000        0x0 binaries/qsort.o
 .note.GNU-stack
                0x0000000000000000        0x0 binaries/rand.o
 .note.GNU-stack
                0x0000000000000000        0x0 binaries/sprintf.o
 .note.GNU-stack
                0x0000000000000000        0x0 binaries/sscanf.o
 .note.GNU-stack
                0x0000000000000000        0x0 binaries/strchr.o
 .note.GNU-stack
                0x0000000000000000        0x0 binaries/strcmp.o
 .note.GNU-stack
                0x0000000000000000        0x0 binaries/strcpy.o
 .note.GNU-stack
                0x0000000000000000        0x0 binaries/strlen.o
 .note.GNU-stack
                0x0000000000000000        0x0 binaries/strncat.o
 .note.GNU-stack
                0x0000000000000000        0x0 binaries/strncmp.o
 .note.GNU-stack
                0x0000000000000000        0x0 binaries/strncpy.o
 .note.GNU-stack
                0x0000000000000000        0x0 binaries/strnlen.o
 .note.GNU-stack
                0x0000000000000000        0x0 binaries/strrchr.o
 .note.GNU-stack
                0x0000000000000000        0x0 binaries/strstr.o
 .note.GNU-stack
                0x0000000000000000        0x0 binaries/ttycontrol.o
 .note.GNU-stack
                0x0000000000000000        0x0 binaries/ttygetc.o
 .note.GNU-stack
                0x0000000000000000        0x0 binaries/ttyhandle_in.o
 .note.GNU-stack
                0x0000000000000000        0x0 binaries/ttyhandle_out.o
 .note.GNU-stack
                0x0000000000000000        0x0 binaries/ttyhandler.o
 .note.GNU-stack
                0x0000000000000000        0x0 binaries/ttyinit.o
 .note.GNU-stack
                0x0000000000000000        0x0 binaries/ttykickout.o
 .note.GNU-stack
                0x0000000000000000        0x0 binaries/ttyputc.o
 .note.GNU-stack
                0x0000000000000000        0x0 binaries/ttyread.o
 .note.GNU-stack
                0x0000000000000000        0x0 binaries/ttywrite.o
 .note.GNU-stack
                0x0000000000000000        0x0 binaries/mount.o
 .note.GNU-stack
                0x0000000000000000        0x0 binaries/naminit.o
 .note.GNU-stack
                0x0000000000000000        0x0 binaries/nammap.o
 .note.GNU-stack
                0x0000000000000000        0x0 binaries/namopen.o
 .note.GNU-stack
                0x0000000000000000        0x0 binaries/82545EMInit.o
 .note.GNU-stack
                0x0000000000000000        0x0 binaries/ethcontrol.o
 .note.GNU-stack
                0x0000000000000000        0x0 binaries/ethhandler.o
 .note.GNU-stack
                0x0000000000000000        0x0 binaries/ethinit.o
 .note.GNU-stack
                0x0000000000000000        0x0 binaries/ethread.o
 .note.GNU-stack
                0x0000000000000000        0x0 binaries/ethwrite.o
 .note.GNU-stack
                0x0000000000000000        0x0 binaries/rdsbufalloc.o
 .note.GNU-stack
                0x0000000000000000        0x0 binaries/rdsclose.o
 .note.GNU-stack
                0x0000000000000000        0x0 binaries/rdscomm.o
 .note.GNU-stack
                0x0000000000000000        0x0 binaries/rdscontrol.o
 .note.GNU-stack
                0x0000000000000000        0x0 binaries/rdsinit.o
 .note.GNU-stack
                0x0000000000000000        0x0 binaries/rdsopen.o
 .note.GNU-stack
                0x0000000000000000        0x0 binaries/rdsprocess.o
 .note.GNU-stack
                0x0000000000000000        0x0 binaries/rdsread.o
 .note.GNU-stack
                0x0000000000000000        0x0 binaries/rdswrite.o
 .note.GNU-stack
                0x0000000000000000        0x0 binaries/ramclose.o
 .note.GNU-stack
                0x0000000000000000        0x0 binaries/raminit.o
 .note.GNU-stack
                0x0000000000000000        0x0 binaries/ramopen.o
 .note.GNU-stack
                0x0000000000000000        0x0 binaries/ramread.o
 .note.GNU-stack
                0x0000000000000000        0x0 binaries/ramwrite.o
 .note.GNU-stack
                0x0000000000000000        0x0 binaries/lfdballoc.o
 .note.GNU-stack
                0x0000000000000000        0x0 binaries/lfdbfree.o
 .note.GNU-stack
                0x0000000000000000        0x0 binaries/lfflush.o
 .note.GNU-stack
                0x0000000000000000        0x0 binaries/lfgetmode.o
 .note.GNU-stack
                0x0000000000000000        0x0 binaries/lfiballoc.o
 .note.GNU-stack
                0x0000000000000000        0x0 binaries/lfibclear.o
 .note.GNU-stack
                0x0000000000000000        0x0 binaries/lfibget.o
 .note.GNU-stack
                0x0000000000000000        0x0 binaries/lfibput.o
 .note.GNU-stack
                0x0000000000000000        0x0 binaries/lflclose.o
 .note.GNU-stack
                0x0000000000000000        0x0 binaries/lflcontrol.o
 .note.GNU-stack
                0x0000000000000000        0x0 binaries/lflgetc.o
 .note.GNU-stack
                0x0000000000000000        0x0 binaries/lflinit.o
 .note.GNU-stack
                0x0000000000000000        0x0 binaries/lflputc.o
 .note.GNU-stack
                0x0000000000000000        0x0 binaries/lflread.o
 .note.GNU-stack
                0x0000000000000000        0x0 binaries/lflseek.o
 .note.GNU-stack
                0x0000000000000000        0x0 binaries/lflwrite.o
 .note.GNU-stack
                0x0000000000000000        0x0 binaries/lfscheck.o
 .note.GNU-stack
                0x0000000000000000        0x0 binaries/lfsckfmt.o
 .note.GNU-stack
                0x0000000000000000        0x0 binaries/lfscreate.o
 .note.GNU-stack
                0x0000000000000000        0x0 binaries/lfsetup.o
 .note.GNU-stack
                0x0000000000000000        0x0 binaries/lfsinit.o
 .note.GNU-stack
                0x0000000000000000        0x0 binaries/lfsopen.o
 .note.GNU-stack
                0x0000000000000000        0x0 binaries/lftruncate.o
 .note.GNU-stack
                0x0000000000000000        0x0 binaries/rflclose.o
 .note.GNU-stack
                0x0000000000000000        0x0 binaries/rflgetc.o
 .note.GNU-stack
                0x0000000000000000        0x0 binaries/rflinit.o
 .note.GNU-stack
                0x0000000000000000        0x0 binaries/rflputc.o
 .note.GNU-stack
                0x0000000000000000        0x0 binaries/rflread.o
 .note.GNU-stack
                0x0000000000000000        0x0 binaries/rflseek.o
 .note.GNU-stack
                0x0000000000000000        0x0 binaries/rflwrite.o
 .note.GNU-stack
                0x0000000000000000        0x0 binaries/rfscomm.o
 .note.GNU-stack
                0x0000000000000000        0x0 binaries/rfscontrol.o
 .note.GNU-stack
                0x0000000000000000        0x0 binaries/rfsgetmode.o
 .note.GNU-stack
                0x0000000000000000        0x0 binaries/rfsinit.o
 .note.GNU-stack
                0x0000000000000000        0x0 binaries/rfsndmsg.o
 .note.GNU-stack
                0x0000000000000000        0x0 binaries/rfsopen.o
 .note.GNU-stack
                0x0000000000000000        0x0 binaries/arp.o
 .note.GNU-stack
                0x0000000000000000        0x0 binaries/dhcp.o
 .note.GNU-stack
                0x0000000000000000        0x0 binaries/dns.o
 .note.GNU-stack
                0x0000000000000000        0x0 binaries/dot2ip.o
 .note.GNU-stack
                0x0000000000000000        0x0 binaries/hexdump.o
 .note.GNU-stack
                0x0000000000000000        0x0 binaries/icmp.o
 .note.GNU-stack
                0x0000000000000000        0x0 binaries/ip.o
 .note.GNU-stack
                0x0000000000000000        0x0 binaries/net.o
 .note.GNU-stack
                0x0000000000000000        0x0 binaries/pdump.o
 .note.GNU-stack
                0x0000000000000000        0x0 binaries/tftp.o
 .note.GNU-stack
                0x0000000000000000        0x0 binaries/udp.o
 .note.GNU-stack
                0x0000000000000000        0x0 binaries/addargs.o
 .note.GNU-stack
                0x0000000000000000        0x0 binaries/lexan.o
 .note.GNU-stack
                0x0000000000000000        0x0 binaries/shell.o
 .note.GNU-stack
                0x0000000000000000        0x0 binaries/xsh_argecho.o
 .note.GNU-stack
                0x0000000000000000        0x0 binaries/xsh_arp.o
 .note.GNU-stack
                0x0000000000000000        0x0 binaries/xsh_cat.o
 .note.GNU-stack
                0x0000000000000000        0x0 binaries/xsh_clear.o
 .note.GNU-stack
                0x0000000000000000        0x0 binaries/xsh_date.o
 .note.GNU-stack
                0x0000000000000000        0x0 binaries/xsh_devdump.o
 .note.GNU-stack
                0x0000000000000000        0x0 binaries/xsh_echo.o
 .note.GNU-stack
                0x0000000000000000        0x0 binaries/xsh_exit.o
 .note.GNU-stack
                0x0000000000000000        0x0 binaries/xsh_help.o
 .note.GNU-stack
                0x0000000000000000        0x0 binaries/xsh_kill.o
 .note.GNU-stack
                0x0000000000000000        0x0 binaries/xsh_memdump.o
 .note.GNU-stack
                0x0000000000000000        0x0 binaries/xsh_memstat.o
 .note.GNU-stack
                0x0000000000000000        0x0 binaries/xsh_netinfo.o
 .note.GNU-stack
                0x0000000000000000        0x0 binaries/xsh_ping.o
 .note.GNU-stack
                0x0000000000000000        0x0 binaries/xsh_ps.o
 .note.GNU-stack
                0x0000000000000000        0x0 binaries/xsh_sleep.o
 .note.GNU-stack
                0x0000000000000000        0x0 binaries/xsh_udpdump.o
 .note.GNU-stack
                0x0000000000000000        0x0 binaries/xsh_udpecho.o
 .note.GNU-stack
                0x0000000000000000        0x0 binaries/xsh_udpserver.o
 .note.GNU-stack
                0x0000000000000000        0x0 binaries/xsh_uptime.o
